// Vitest Snapshot v1, https://vitest.dev/guide/snapshot.html

exports[`Input > renders default state 1`] = `
<div
  class="flex w-full flex-col gap-[var(--space-1)]"
>
  <div
    class="group/field relative inline-flex min-h-[var(--field-h,var(--control-h-md))] w-full items-center rounded-[var(--radius-2xl)] border border-[hsl(var(--card-hairline)/0.65)] bg-[hsl(var(--bg))] text-foreground shadow-[inset_0_1px_0_hsl(var(--highlight)/0.08),inset_0_-1px_0_hsl(var(--border)/0.32)] transition-[background,box-shadow,filter] duration-200 ease-standard focus-within:outline-none focus-within:ring-2 focus-within:ring-[hsl(var(--ring))] focus-within:ring-offset-0 focus-within:ring-offset-[hsl(var(--bg))] hover:shadow-[inset_0_1px_0_hsl(var(--highlight)/0.12),inset_0_-1px_0_hsl(var(--border)/0.45)] active:brightness-[0.96] data-[disabled=true]:pointer-events-none data-[disabled=true]:border-[hsl(var(--card-hairline)/0.4)] data-[disabled=true]:bg-[hsl(var(--card))] data-[disabled=true]:shadow-[inset_0_1px_0_hsl(var(--highlight)/0.04)] data-[disabled=true]:text-muted-foreground/70 data-[loading=true]:pointer-events-none data-[loading=true]:opacity-[var(--loading)] data-[invalid=true]:border-[hsl(var(--danger)/0.6)] data-[invalid=true]:focus-within:ring-[hsl(var(--danger))] overflow-hidden"
    style="--field-h: var(--control-h-md);"
  >
    <input
      class="peer block h-[var(--field-h,var(--control-h-md))] w-full rounded-[inherit] border-none bg-transparent px-[var(--space-3)] text-ui text-foreground placeholder:text-muted-foreground/70 caret-accent focus:outline-none focus-visible:outline-none disabled:cursor-not-allowed read-only:cursor-default transition-[color,opacity] group-data-[disabled=true]/field:text-muted-foreground/70 group-data-[disabled=true]/field:placeholder:text-muted-foreground/50 group-data-[loading=true]/field:opacity-[var(--loading)]"
      id=":r0:"
      name=":r0:"
      type="text"
    />
  </div>
</div>
`;

exports[`Input > renders disabled state 1`] = `
<div
  class="flex w-full flex-col gap-[var(--space-1)]"
>
  <div
    aria-disabled="true"
    class="group/field relative inline-flex min-h-[var(--field-h,var(--control-h-md))] w-full items-center rounded-[var(--radius-2xl)] border border-[hsl(var(--card-hairline)/0.65)] bg-[hsl(var(--bg))] text-foreground shadow-[inset_0_1px_0_hsl(var(--highlight)/0.08),inset_0_-1px_0_hsl(var(--border)/0.32)] transition-[background,box-shadow,filter] duration-200 ease-standard focus-within:outline-none focus-within:ring-2 focus-within:ring-[hsl(var(--ring))] focus-within:ring-offset-0 focus-within:ring-offset-[hsl(var(--bg))] hover:shadow-[inset_0_1px_0_hsl(var(--highlight)/0.12),inset_0_-1px_0_hsl(var(--border)/0.45)] active:brightness-[0.96] data-[disabled=true]:pointer-events-none data-[disabled=true]:border-[hsl(var(--card-hairline)/0.4)] data-[disabled=true]:bg-[hsl(var(--card))] data-[disabled=true]:shadow-[inset_0_1px_0_hsl(var(--highlight)/0.04)] data-[disabled=true]:text-muted-foreground/70 data-[loading=true]:pointer-events-none data-[loading=true]:opacity-[var(--loading)] data-[invalid=true]:border-[hsl(var(--danger)/0.6)] data-[invalid=true]:focus-within:ring-[hsl(var(--danger))] overflow-hidden"
    data-disabled="true"
    style="--field-h: var(--control-h-md);"
  >
    <input
      class="peer block h-[var(--field-h,var(--control-h-md))] w-full rounded-[inherit] border-none bg-transparent px-[var(--space-3)] text-ui text-foreground placeholder:text-muted-foreground/70 caret-accent focus:outline-none focus-visible:outline-none disabled:cursor-not-allowed read-only:cursor-default transition-[color,opacity] group-data-[disabled=true]/field:text-muted-foreground/70 group-data-[disabled=true]/field:placeholder:text-muted-foreground/50 group-data-[loading=true]/field:opacity-[var(--loading)]"
      disabled=""
      id=":r4:"
      name=":r4:"
      type="text"
    />
  </div>
</div>
`;

exports[`Input > renders error state 1`] = `
<div
  class="flex w-full flex-col gap-[var(--space-1)]"
>
  <div
    class="group/field relative inline-flex min-h-[var(--field-h,var(--control-h-md))] w-full items-center rounded-[var(--radius-2xl)] border border-[hsl(var(--card-hairline)/0.65)] bg-[hsl(var(--bg))] text-foreground shadow-[inset_0_1px_0_hsl(var(--highlight)/0.08),inset_0_-1px_0_hsl(var(--border)/0.32)] transition-[background,box-shadow,filter] duration-200 ease-standard focus-within:outline-none focus-within:ring-2 focus-within:ring-[hsl(var(--ring))] focus-within:ring-offset-0 focus-within:ring-offset-[hsl(var(--bg))] hover:shadow-[inset_0_1px_0_hsl(var(--highlight)/0.12),inset_0_-1px_0_hsl(var(--border)/0.45)] active:brightness-[0.96] data-[disabled=true]:pointer-events-none data-[disabled=true]:border-[hsl(var(--card-hairline)/0.4)] data-[disabled=true]:bg-[hsl(var(--card))] data-[disabled=true]:shadow-[inset_0_1px_0_hsl(var(--highlight)/0.04)] data-[disabled=true]:text-muted-foreground/70 data-[loading=true]:pointer-events-none data-[loading=true]:opacity-[var(--loading)] data-[invalid=true]:border-[hsl(var(--danger)/0.6)] data-[invalid=true]:focus-within:ring-[hsl(var(--danger))] overflow-hidden"
    data-invalid="true"
    style="--field-h: var(--control-h-md);"
  >
    <input
      aria-invalid="true"
      class="peer block h-[var(--field-h,var(--control-h-md))] w-full rounded-[inherit] border-none bg-transparent px-[var(--space-3)] text-ui text-foreground placeholder:text-muted-foreground/70 caret-accent focus:outline-none focus-visible:outline-none disabled:cursor-not-allowed read-only:cursor-default transition-[color,opacity] group-data-[disabled=true]/field:text-muted-foreground/70 group-data-[disabled=true]/field:placeholder:text-muted-foreground/50 group-data-[loading=true]/field:opacity-[var(--loading)]"
      id=":r2:"
      name=":r2:"
      type="text"
    />
  </div>
</div>
`;

exports[`Input > renders focus state 1`] = `
<div
  class="flex w-full flex-col gap-[var(--space-1)]"
>
  <div
    class="group/field relative inline-flex min-h-[var(--field-h,var(--control-h-md))] w-full items-center rounded-[var(--radius-2xl)] border border-[hsl(var(--card-hairline)/0.65)] bg-[hsl(var(--bg))] text-foreground shadow-[inset_0_1px_0_hsl(var(--highlight)/0.08),inset_0_-1px_0_hsl(var(--border)/0.32)] transition-[background,box-shadow,filter] duration-200 ease-standard focus-within:outline-none focus-within:ring-2 focus-within:ring-[hsl(var(--ring))] focus-within:ring-offset-0 focus-within:ring-offset-[hsl(var(--bg))] hover:shadow-[inset_0_1px_0_hsl(var(--highlight)/0.12),inset_0_-1px_0_hsl(var(--border)/0.45)] active:brightness-[0.96] data-[disabled=true]:pointer-events-none data-[disabled=true]:border-[hsl(var(--card-hairline)/0.4)] data-[disabled=true]:bg-[hsl(var(--card))] data-[disabled=true]:shadow-[inset_0_1px_0_hsl(var(--highlight)/0.04)] data-[disabled=true]:text-muted-foreground/70 data-[loading=true]:pointer-events-none data-[loading=true]:opacity-[var(--loading)] data-[invalid=true]:border-[hsl(var(--danger)/0.6)] data-[invalid=true]:focus-within:ring-[hsl(var(--danger))] overflow-hidden"
    style="--field-h: var(--control-h-md);"
  >
    <input
      class="peer block h-[var(--field-h,var(--control-h-md))] w-full rounded-[inherit] border-none bg-transparent px-[var(--space-3)] text-ui text-foreground placeholder:text-muted-foreground/70 caret-accent focus:outline-none focus-visible:outline-none disabled:cursor-not-allowed read-only:cursor-default transition-[color,opacity] group-data-[disabled=true]/field:text-muted-foreground/70 group-data-[disabled=true]/field:placeholder:text-muted-foreground/50 group-data-[loading=true]/field:opacity-[var(--loading)]"
      id=":r1:"
      name=":r1:"
      type="text"
    />
  </div>
</div>
`;
