// Vitest Snapshot v1, https://vitest.dev/guide/snapshot.html

exports[`Select > renders default state 1`] = `
<div
  class="space-y-1"
>
  <div
    class="relative inline-flex w-full items-center rounded-xl border border-[hsl(var(--border)/0.28)] bg-[hsl(var(--card)/0.6)] backdrop-blur-[2px] shadow-[0_0_0_1px_hsl(var(--border)/0.12)] transition-[box-shadow,transform] duration-150 ease-out hover:border-[hsl(var(--border)/0.38)] focus-within:outline-none focus-within:ring-2 focus-within:ring-[--theme-ring] focus-within:ring-offset-0 focus-within:shadow-[0_0_24px_hsl(var(--accent)/0.14)] before:pointer-events-none before:absolute before:inset-0 before:rounded-[inherit] before:opacity-[0.05] before:bg-[repeating-linear-gradient(0deg,hsl(var(--accent-2)/0.4)_0_1px,transparent_1px_3px)] after:pointer-events-none after:absolute after:inset-0 after:rounded-[inherit] after:opacity-[0.04] after:bg-[url('/noise.svg')] group jitter hover:shadow-[0_0_0_1px_hsl(var(--border)/0.2)]"
    style="--theme-ring: hsl(var(--ring));"
  >
    <select
      aria-label="test"
      class="flex-1 h-11 px-[var(--space-14)] pr-[var(--space-36)] text-sm bg-transparent text-[hsl(var(--foreground))] placeholder:text-[hsl(var(--muted-foreground))/0.8] caret-[hsl(var(--accent))] appearance-none disabled:cursor-not-allowed focus:outline-none focus-visible:outline-none"
      id=":r0:"
      name="test"
    >
      <option
        value=""
      >
        Choose…
      </option>
      <option
        value="a"
      >
        A
      </option>
    </select>
    <svg
      aria-hidden="true"
      class="lucide lucide-chevron-down pointer-events-none absolute right-[var(--space-14)] h-4 w-4 text-[hsl(var(--muted-foreground))] group-focus-within:text-[hsl(var(--accent))]"
      fill="none"
      height="24"
      stroke="currentColor"
      stroke-linecap="round"
      stroke-linejoin="round"
      stroke-width="2"
      viewBox="0 0 24 24"
      width="24"
      xmlns="http://www.w3.org/2000/svg"
    >
      <path
        d="m6 9 6 6 6-6"
      />
    </svg>
  </div>
</div>
`;

exports[`Select > renders disabled state 1`] = `
<div
  class="space-y-1"
>
  <div
    class="relative inline-flex w-full items-center rounded-xl border border-[hsl(var(--border)/0.28)] bg-[hsl(var(--card)/0.6)] backdrop-blur-[2px] shadow-[0_0_0_1px_hsl(var(--border)/0.12)] transition-[box-shadow,transform] duration-150 ease-out hover:border-[hsl(var(--border)/0.38)] focus-within:outline-none focus-within:ring-[--theme-ring] focus-within:ring-offset-0 before:pointer-events-none before:absolute before:inset-0 before:rounded-[inherit] before:opacity-[0.05] before:bg-[repeating-linear-gradient(0deg,hsl(var(--accent-2)/0.4)_0_1px,transparent_1px_3px)] after:pointer-events-none after:absolute after:inset-0 after:rounded-[inherit] after:opacity-[0.04] after:bg-[url('/noise.svg')] opacity-60 pointer-events-none group jitter hover:shadow-[0_0_0_1px_hsl(var(--border)/0.2)] cursor-not-allowed focus-within:ring-0 focus-within:shadow-none"
    style="--theme-ring: hsl(var(--ring));"
  >
    <select
      aria-label="test"
      class="flex-1 h-11 px-[var(--space-14)] pr-[var(--space-36)] text-sm bg-transparent text-[hsl(var(--foreground))] placeholder:text-[hsl(var(--muted-foreground))/0.8] caret-[hsl(var(--accent))] appearance-none disabled:cursor-not-allowed focus:outline-none focus-visible:outline-none"
      disabled=""
      id=":r4:"
      name="test"
    >
      <option
        value=""
      >
        Choose…
      </option>
    </select>
    <svg
      aria-hidden="true"
      class="lucide lucide-chevron-down pointer-events-none absolute right-[var(--space-14)] h-4 w-4 text-[hsl(var(--muted-foreground))] group-focus-within:text-[hsl(var(--accent))]"
      fill="none"
      height="24"
      stroke="currentColor"
      stroke-linecap="round"
      stroke-linejoin="round"
      stroke-width="2"
      viewBox="0 0 24 24"
      width="24"
      xmlns="http://www.w3.org/2000/svg"
    >
      <path
        d="m6 9 6 6 6-6"
      />
    </svg>
  </div>
</div>
`;

exports[`Select > renders error state 1`] = `
<div
  class="space-y-1"
>
  <div
    class="relative inline-flex w-full items-center rounded-xl border bg-[hsl(var(--card)/0.6)] backdrop-blur-[2px] shadow-[0_0_0_1px_hsl(var(--border)/0.12)] transition-[box-shadow,transform] duration-150 ease-out hover:border-[hsl(var(--border)/0.38)] focus-within:outline-none focus-within:ring-2 focus-within:ring-offset-0 focus-within:shadow-[0_0_24px_hsl(var(--accent)/0.14)] before:pointer-events-none before:absolute before:inset-0 before:rounded-[inherit] before:opacity-[0.05] before:bg-[repeating-linear-gradient(0deg,hsl(var(--accent-2)/0.4)_0_1px,transparent_1px_3px)] after:pointer-events-none after:absolute after:inset-0 after:rounded-[inherit] after:opacity-[0.04] after:bg-[url('/noise.svg')] border-[hsl(var(--danger)/0.6)] focus-within:ring-[hsl(var(--danger)/0.35)] group jitter hover:shadow-[0_0_0_1px_hsl(var(--border)/0.2)]"
    style="--theme-ring: hsl(var(--ring));"
  >
    <select
      aria-describedby=":r2:-error"
      aria-invalid="true"
      aria-label="test"
      class="flex-1 h-11 px-[var(--space-14)] pr-[var(--space-36)] text-sm bg-transparent text-[hsl(var(--foreground))] placeholder:text-[hsl(var(--muted-foreground))/0.8] caret-[hsl(var(--accent))] appearance-none disabled:cursor-not-allowed focus:outline-none focus-visible:outline-none"
      id=":r2:"
      name="test"
    >
      <option
        value=""
      >
        Choose…
      </option>
    </select>
    <svg
      aria-hidden="true"
      class="lucide lucide-chevron-down pointer-events-none absolute right-[var(--space-14)] h-4 w-4 text-[hsl(var(--muted-foreground))] group-focus-within:text-[hsl(var(--accent))]"
      fill="none"
      height="24"
      stroke="currentColor"
      stroke-linecap="round"
      stroke-linejoin="round"
      stroke-width="2"
      viewBox="0 0 24 24"
      width="24"
      xmlns="http://www.w3.org/2000/svg"
    >
      <path
        d="m6 9 6 6 6-6"
      />
    </svg>
  </div>
  <p
    class="text-xs mt-1 line-clamp-2 text-danger"
    id=":r2:-error"
  >
    Error
  </p>
</div>
`;

exports[`Select > renders focus state 1`] = `
<div
  class="space-y-1"
>
  <div
    class="relative inline-flex w-full items-center rounded-xl border border-[hsl(var(--border)/0.28)] bg-[hsl(var(--card)/0.6)] backdrop-blur-[2px] shadow-[0_0_0_1px_hsl(var(--border)/0.12)] transition-[box-shadow,transform] duration-150 ease-out hover:border-[hsl(var(--border)/0.38)] focus-within:outline-none focus-within:ring-2 focus-within:ring-[--theme-ring] focus-within:ring-offset-0 focus-within:shadow-[0_0_24px_hsl(var(--accent)/0.14)] before:pointer-events-none before:absolute before:inset-0 before:rounded-[inherit] before:opacity-[0.05] before:bg-[repeating-linear-gradient(0deg,hsl(var(--accent-2)/0.4)_0_1px,transparent_1px_3px)] after:pointer-events-none after:absolute after:inset-0 after:rounded-[inherit] after:opacity-[0.04] after:bg-[url('/noise.svg')] group jitter hover:shadow-[0_0_0_1px_hsl(var(--border)/0.2)]"
    style="--theme-ring: hsl(var(--ring));"
  >
    <select
      aria-label="test"
      class="flex-1 h-11 px-[var(--space-14)] pr-[var(--space-36)] text-sm bg-transparent text-[hsl(var(--foreground))] placeholder:text-[hsl(var(--muted-foreground))/0.8] caret-[hsl(var(--accent))] appearance-none disabled:cursor-not-allowed focus:outline-none focus-visible:outline-none"
      id=":r1:"
      name="test"
    >
      <option
        value=""
      >
        Choose…
      </option>
      <option
        value="a"
      >
        A
      </option>
    </select>
    <svg
      aria-hidden="true"
      class="lucide lucide-chevron-down pointer-events-none absolute right-[var(--space-14)] h-4 w-4 text-[hsl(var(--muted-foreground))] group-focus-within:text-[hsl(var(--accent))]"
      fill="none"
      height="24"
      stroke="currentColor"
      stroke-linecap="round"
      stroke-linejoin="round"
      stroke-width="2"
      viewBox="0 0 24 24"
      width="24"
      xmlns="http://www.w3.org/2000/svg"
    >
      <path
        d="m6 9 6 6 6-6"
      />
    </svg>
  </div>
</div>
`;

exports[`Select > renders success state 1`] = `
<div
  class="space-y-1"
>
  <div
    class="relative inline-flex w-full items-center rounded-xl border bg-[hsl(var(--card)/0.6)] backdrop-blur-[2px] shadow-[0_0_0_1px_hsl(var(--border)/0.12)] transition-[box-shadow,transform] duration-150 ease-out hover:border-[hsl(var(--border)/0.38)] focus-within:outline-none focus-within:ring-2 focus-within:ring-offset-0 focus-within:shadow-[0_0_24px_hsl(var(--accent)/0.14)] before:pointer-events-none before:absolute before:inset-0 before:rounded-[inherit] before:opacity-[0.05] before:bg-[repeating-linear-gradient(0deg,hsl(var(--accent-2)/0.4)_0_1px,transparent_1px_3px)] after:pointer-events-none after:absolute after:inset-0 after:rounded-[inherit] after:opacity-[0.04] after:bg-[url('/noise.svg')] group jitter hover:shadow-[0_0_0_1px_hsl(var(--border)/0.2)] border-[--theme-ring] focus-within:ring-[--theme-ring]"
    style="--theme-ring: hsl(var(--ring));"
  >
    <select
      aria-describedby=":r3:-success"
      aria-label="test"
      class="flex-1 h-11 px-[var(--space-14)] pr-[var(--space-36)] text-sm bg-transparent text-[hsl(var(--foreground))] placeholder:text-[hsl(var(--muted-foreground))/0.8] caret-[hsl(var(--accent))] appearance-none disabled:cursor-not-allowed focus:outline-none focus-visible:outline-none"
      id=":r3:"
      name="test"
    >
      <option
        value=""
      >
        Choose…
      </option>
    </select>
    <svg
      aria-hidden="true"
      class="lucide lucide-chevron-down pointer-events-none absolute right-[var(--space-14)] h-4 w-4 text-[hsl(var(--muted-foreground))] group-focus-within:text-[hsl(var(--accent))]"
      fill="none"
      height="24"
      stroke="currentColor"
      stroke-linecap="round"
      stroke-linejoin="round"
      stroke-width="2"
      viewBox="0 0 24 24"
      width="24"
      xmlns="http://www.w3.org/2000/svg"
    >
      <path
        d="m6 9 6 6 6-6"
      />
    </svg>
  </div>
  <p
    aria-live="polite"
    class="sr-only"
    id=":r3:-success"
    role="status"
  >
    Selection saved
  </p>
</div>
`;
