// Vitest Snapshot v1, https://vitest.dev/guide/snapshot.html

exports[`Button > matches snapshot for secondary danger tone 1`] = `
<button
  class="relative inline-flex items-center justify-center rounded-[var(--control-radius)] border font-medium tracking-[0.02em] transition-all duration-[var(--dur-quick)] ease-out motion-reduce:transition-none hover:bg-[--hover] active:bg-[--active] focus-visible:[outline:none] focus-visible:ring-2 focus-visible:ring-[var(--focus)] disabled:opacity-[var(--disabled)] disabled:pointer-events-none data-[loading=true]:opacity-[var(--loading)] data-[disabled=true]:opacity-[var(--disabled)] data-[disabled=true]:pointer-events-none h-[var(--control-h-md)] px-[var(--space-4)] text-ui gap-[var(--space-2)] [&_svg]:size-[var(--space-5)] shadow-[var(--btn-secondary-shadow-rest)] hover:shadow-[var(--btn-secondary-shadow-hover)] active:shadow-[var(--btn-secondary-shadow-active)] [--hover:theme('colors.interaction.danger.hover')] [--active:theme('colors.interaction.danger.active')] text-danger-foreground bg-danger/25"
  style="--btn-secondary-shadow-rest: var(--space-3) var(--space-3) var(--space-5) hsl(var(--panel)/0.72), calc(var(--space-3) * -1) calc(var(--space-3) * -1) var(--space-5) hsl(var(--foreground)/0.06); --btn-secondary-shadow-hover: calc(var(--space-1) * 3.75) calc(var(--space-1) * 3.75) calc(var(--space-1) * 7.5) hsl(var(--panel)/0.72), calc(var(--space-1) * -3.75) calc(var(--space-1) * -3.75) calc(var(--space-1) * 7.5) hsl(var(--foreground)/0.06); --btn-secondary-shadow-active: inset calc(var(--space-1) * 1.5) calc(var(--space-1) * 1.5) calc(var(--space-1) * 3.5) hsl(var(--panel)/0.85), inset calc(var(--space-1) * -1.5) calc(var(--space-1) * -1.5) calc(var(--space-1) * 3.5) hsl(var(--foreground)/0.08);"
  tabindex="0"
  type="button"
>
  <span
    class="inline-flex items-center gap-[var(--space-2)]"
  >
    Delete
  </span>
</button>
`;
